[lordsociety.co/presale.html]
[backblue.gif]
[fade.gif]
[index.html]
[lordsociety.co/cdnjs.cloudflare.com/ajax/libs/toastr.js/latest/toastr.min.css]
[lordsociety.co/fonts.css]
[lordsociety.co/3.html]
[lordsociety.co/logo192.html]
[lordsociety.co/manifest.html]
[lordsociety.co/banner.png]
[lordsociety.co/gif.gif]
[lordsociety.co/cdnjs.cloudflare.com/ajax/libs/toastr.js/latest/toastr.min.js]
[lordsociety.co/presale.html]
[lordsociety.co/cdnjs.cloudflare.com/ajax/libs/toastr.js/latest/toastr.min.css]
[lordsociety.co/cdn.jsdelivr.net/npm/web3@latest/dist/web3.min.js]
[lordsociety.co/fonts/satoshi-variable.html]
[lordsociety.co/fonts/satoshi-variable-2.html]
[lordsociety.co/fonts/satoshi-variable-3.html]
[lordsociety.co/fonts/satoshi-variableitalic.html]
[lordsociety.co/fonts/satoshi-variableitalic-2.html]
[lordsociety.co/fonts/satoshi-variableitalic-3.html]
[lordsociety.co/fonts/satoshi-lightitalic.html]
[lordsociety.co/fonts/satoshi-lightitalic-2.html]
[lordsociety.co/fonts/satoshi-lightitalic-3.html]
[lordsociety.co/fonts/satoshi-light.html]
[lordsociety.co/fonts/satoshi-light-2.html]
[lordsociety.co/fonts/satoshi-light-3.html]
[lordsociety.co/fonts/satoshi-regular.html]
[lordsociety.co/fonts/satoshi-regular-2.html]
[lordsociety.co/fonts/satoshi-regular-3.html]
[lordsociety.co/fonts/satoshi-italic.html]
[lordsociety.co/fonts/satoshi-italic-2.html]
[lordsociety.co/fonts/satoshi-italic-3.html]
[lordsociety.co/fonts/satoshi-mediumitalic.html]
[lordsociety.co/fonts/satoshi-mediumitalic-2.html]
[lordsociety.co/fonts/satoshi-mediumitalic-3.html]
[lordsociety.co/fonts/Satoshi-Medium.woff2]
[lordsociety.co/fonts/Satoshi-Medium.woff]
[lordsociety.co/fonts/Satoshi-Medium.ttf]
[lordsociety.co/fonts/satoshi-bolditalic.html]
[lordsociety.co/fonts/satoshi-bolditalic-2.html]
[lordsociety.co/fonts/satoshi-bolditalic-3.html]
[lordsociety.co/fonts/Satoshi-Bold.woff2]
[lordsociety.co/fonts/Satoshi-Bold.woff]
[lordsociety.co/fonts/Satoshi-Bold.ttf]
[lordsociety.co/fonts/satoshi-blackitalic.html]
[lordsociety.co/fonts/satoshi-blackitalic-2.html]
[lordsociety.co/fonts/satoshi-blackitalic-3.html]
[lordsociety.co/fonts/Satoshi-Black.woff2]
[lordsociety.co/fonts/Satoshi-Black.woff]
[lordsociety.co/fonts.css]
[lordsociety.co/3.html]
[lordsociety.co/pbs.twimg.com/profile_images/1447494549996113927/lGuncivC_400x400.html]
[lordsociety.co/logo192.html]
[lordsociety.co/manifest.html]
[lordsociety.co/fonts/satoshi-variable.html]
[lordsociety.co/fonts/satoshi-variable-2.html]
[lordsociety.co/fonts/satoshi-variable-3.html]
[lordsociety.co/fonts/satoshi-variableitalic.html]
[lordsociety.co/fonts/satoshi-variableitalic-2.html]
[lordsociety.co/fonts/satoshi-variableitalic-3.html]
[lordsociety.co/fonts/satoshi-lightitalic.html]
[lordsociety.co/fonts/satoshi-lightitalic-2.html]
[lordsociety.co/fonts/satoshi-lightitalic-3.html]
[lordsociety.co/fonts/satoshi-light.html]
[lordsociety.co/fonts/satoshi-light-2.html]
[lordsociety.co/fonts/satoshi-light-3.html]
[lordsociety.co/fonts/satoshi-regular.html]
[lordsociety.co/fonts/satoshi-regular-2.html]
[lordsociety.co/fonts/satoshi-regular-3.html]
[lordsociety.co/fonts/satoshi-italic.html]
[lordsociety.co/fonts/satoshi-italic-2.html]
[lordsociety.co/fonts/satoshi-italic-3.html]
[lordsociety.co/fonts/satoshi-mediumitalic.html]
[lordsociety.co/fonts/satoshi-mediumitalic-2.html]
[lordsociety.co/fonts/satoshi-mediumitalic-3.html]
[lordsociety.co/fonts/satoshi-bolditalic.html]
[lordsociety.co/fonts/satoshi-bolditalic-2.html]
[lordsociety.co/fonts/satoshi-bolditalic-3.html]
[lordsociety.co/fonts/satoshi-blackitalic.html]
[lordsociety.co/fonts/satoshi-blackitalic-2.html]
[lordsociety.co/fonts/satoshi-blackitalic-3.html]
[lordsociety.co/fonts/Satoshi-Black.ttf]
[lordsociety.co/index.html]
[lordsociety.co/wp-includes/css/dist/block-library/style.min080f.css]
[lordsociety.co/comments/feed/index.html]
[lordsociety.co/feed/index.html]
[lordsociety.co/wp-content/themes/twentytwentyone/stylead05.css]
[lordsociety.co/wp-content/themes/twentytwentyone/assets/css/printad05.css]
[lordsociety.co/xmlrpc0db0.php]
[lordsociety.co/wp-json/index.html]
[lordsociety.co/wp-includes/wlwmanifest.xml]
[lordsociety.co/wp-content/themes/twentytwentyone/assets/js/polyfillsad05.js]
[lordsociety.co/hello-world/index.html]
[lordsociety.co/Trident/index.html]
[lordsociety.co/category/uncategorized/index.html]
[lordsociety.co/wp-content/themes/twentytwentyone/assets/js/responsive-embedsad05.js]
[lordsociety.co/wp-includes/js/wp-embed.min080f.js]
[lordsociety.co/index.html]
[lordsociety.co/wp-includes/css/dist/block-library/style.min080f.css]
[lordsociety.co/wp-content/themes/twentytwentyone/stylead05.css]
[lordsociety.co/wp-content/themes/twentytwentyone/assets/css/printad05.css]
[lordsociety.co/hello-world/feed/index.html]
[lordsociety.co/wp-json/wp/v2/posts/1.json]
[lordsociety.co/wp-json/oembed/1.0/embed62ec.json]
[lordsociety.co/wp-json/oembed/1.0/embed3c6b]
[lordsociety.co/author/paulwalker0557/index.html]
[lordsociety.co/wp-includes/js/comment-reply.min080f.js]
[lordsociety.co/hello-world/index.html]
[lordsociety.co/hello-world/index6809.html]
[lordsociety.co/hello-world/Trident/index.html]
[lordsociety.co/category/uncategorized/feed/index.html]
[lordsociety.co/category/uncategorized/index.html]
[lordsociety.co/Trident/index.html]
[lordsociety.co/indexcff1.html]
[lordsociety.co/xmlrpc.php]
[lordsociety.co/wp-json/wp/v2/categories/1.json]
[lordsociety.co/author/paulwalker0557/feed/index.html]
[lordsociety.co/category/uncategorized/Trident/index.html]
[lordsociety.co/wp-json/wp/v2/users/1.json]
[lordsociety.co/author/paulwalker0557/index.html]
[lordsociety.co/hello-world/index6809.html]
[lordsociety.co/hello-world/Trident/index.html]
[lordsociety.co/category/uncategorized/Trident/index.html]
[lordsociety.co/author/paulwalker0557/Trident/index.html]
[lordsociety.co/author/paulwalker0557/Trident/index.html]
